prefixes:
  rdfs: "http://www.w3.org/2000/01/rdf-schema#"
  base: "https://theworldavatar.io/kg/"
  grel: "http://users.ugent.be/~bjdmeest/function/grel.ttl#"

mappings:
  person:
    sources: source-ref
    s:
      function: grel:string_trim
      parameters:
        - parameter: grel:valueParameter
          value: base:person/$(id)
      targets: target-ref
    po:
      - p: a
        o: base:Person
      - p: base:hasName
        o:
          function: grel:toLowerCase
          parameters:
            - parameter: grel:valueParameter
              value:
                function: grel:string_trim
                parameters:
                  - parameter: grel:valueParameter
                    value: base:department/name/$(name)
          type: iri
sources:
  source-ref:
    referenceFormulation: csv
    access: [source]
targets:
  target-ref:
    serialization: turtle
    type: sd
    access: [target]
